=== Teste de Seguranca - Thu Aug 13 01:11:38 AM UTC 2026 ===
>> Tentativa 1 SEM chave de API
HTTP/1.1 401 Unauthorized
X-Powered-By: Express
Access-Control-Allow-Origin: *
Content-Type: application/json; charset=utf-8
Content-Length: 73
ETag: W/"49-VocKX6oX/pI0y+4oQzHnxXXilzU"
Date: Thu, 13 Aug 2026 01:11:38 GMT
Connection: keep-alive
Keep-Alive: timeout=5

{"erro":"Acesso nao autorizado. Header 'X-API-KEY' invalido ou ausente."}
---
>> Tentativa 2 SEM chave de API
HTTP/1.1 401 Unauthorized
X-Powered-By: Express
Access-Control-Allow-Origin: *
Content-Type: application/json; charset=utf-8
Content-Length: 73
ETag: W/"49-VocKX6oX/pI0y+4oQzHnxXXilzU"
Date: Thu, 13 Aug 2026 01:11:38 GMT
Connection: keep-alive
Keep-Alive: timeout=5

{"erro":"Acesso nao autorizado. Header 'X-API-KEY' invalido ou ausente."}
---
>> Tentativa 3 SEM chave de API
HTTP/1.1 401 Unauthorized
X-Powered-By: Express
Access-Control-Allow-Origin: *
Content-Type: application/json; charset=utf-8
Content-Length: 73
ETag: W/"49-VocKX6oX/pI0y+4oQzHnxXXilzU"
Date: Thu, 13 Aug 2026 01:11:38 GMT
Connection: keep-alive
Keep-Alive: timeout=5

{"erro":"Acesso nao autorizado. Header 'X-API-KEY' invalido ou ausente."}
---
>> Tentativa COM chave de API valida
HTTP/1.1 200 OK
X-Powered-By: Express
Access-Control-Allow-Origin: *
Content-Type: application/json; charset=utf-8
Content-Length: 35
ETag: W/"23-r/V5xk9MLKAAx+SqMx9gYys1/s8"
Date: Thu, 13 Aug 2026 01:11:38 GMT
Connection: keep-alive
Keep-Alive: timeout=5

{"mensagem":"Lista de manutencoes"}
---
=== Fim do teste ===
